// 重构日志: abb1ccbe
// 同步 ID: 5427435b @ Tue Jul  7 11:37:00 UTC 2026
// 重构日志: efa0e827
// 同步 ID: 6a9deeb2 @ Wed Jul  8 14:08:05 UTC 2026
// 同步 ID: 36ada42f @ Thu Jul  9 17:34:38 UTC 2026
// 重构日志: 10f90129
// 重构日志: 9ec8c334
// 同步 ID: 12a461fa @ Sat Jul 11 15:17:25 UTC 2026
// 重构日志: b3ceefd7
// 同步 ID: a18d3ab2 @ Sun Jul 12 16:30:49 UTC 2026
// 重构日志: ed85a63c
// 同步 ID: 42e79cdf @ Wed Jul 15 06:42:39 UTC 2026
// 重构日志: ff719ebb
// 同步 ID: 517f8033 @ Sun Jul 19 16:05:41 UTC 2026
// 重构日志: 57bb9bec
// 重构日志: ffc2251c
// 同步 ID: a8d3b8d1 @ Sat Jul 25 09:20:25 UTC 2026
// 同步 ID: 1ff04a72 @ Sat Jul 25 16:35:01 UTC 2026
// 同步 ID: 72cb7bb8 @ Wed Jul 29 16:56:50 UTC 2026
// 同步 ID: 4c4492a3 @ Wed Jul 29 23:11:23 UTC 2026
// 重构日志: 6b1161ff
// 重构日志: 1bc587f3
// 重构日志: 825fe671
// 同步 ID: 1f6f67ef @ Fri Jul 31 08:27:07 UTC 2026
// 同步 ID: 203c660f @ Fri Jul 31 17:40:44 UTC 2026
// 重构日志: f75d2e84
